▿ MapViewCamera
  - direction: 23.0
  - lastReasonForChange: Optional<CameraChangeReason>.none
  ▿ pitch: CameraPitch
    ▿ freeWithinRange: (2 elements)
      - minimum: 12.0
      - maximum: 34.0
  ▿ state: CameraState
    ▿ centered: (1 element)
      ▿ onCoordinate: CLLocationCoordinate2D
        - latitude: 12.3
        - longitude: 23.4
  - zoom: 5.0
