▿ MapViewCamera
  - direction: 0.0
  ▿ lastReasonForChange: Optional<CameraChangeReason>
    - some: CameraChangeReason.programmatic
  - pitch: CameraPitch.free
  ▿ state: CameraState
    ▿ trackingUserLocationWithHeading: (1 element)
      - zoom: 10.0
