CameraState.trackingUserLocation(zoom: (4.0, MapLibreSwiftUI.CameraPitch.free, 12.0))