CameraState.trackingUserLocationWithHeading(zoom: (4.0, 0.0, MapLibreSwiftUI.CameraPitch.free))