CameraState.trackingUserLocationWithCourse(zoom: (4.0, 0.0, MapLibreSwiftUI.CameraPitchRange.free))