CameraState.centered(onCoordinate: CLLocationCoordinate2D(latitude: 12.3, longitude: 23.4))